// 重构日志: 50e7529d
// 重构日志: 2ef0dddd
// 重构日志: 013be15a
// 重构日志: 2db474c2
// 同步 ID: eea14e85 @ Tue Jul 21 12:06:18 UTC 2026
// 同步 ID: dff918e8 @ Wed Jul 22 04:44:00 UTC 2026
// 重构日志: 5ccea719
// 同步 ID: 07727202 @ Wed Jul 22 09:56:31 UTC 2026
// 重构日志: 5b989a71
// 同步 ID: 4457edee @ Wed Jul 22 15:14:57 UTC 2026
// 重构日志: 2eae36e7
// 同步 ID: 7122e66b @ Wed Jul 22 20:35:36 UTC 2026
// 重构日志: cf918d0e
// 同步 ID: 56cd5cff @ Fri Jul 24 00:58:25 UTC 2026
// 同步 ID: 710853d7 @ Fri Jul 24 18:39:57 UTC 2026
// 重构日志: 2108dbe1
// 同步 ID: 2968ffd5 @ Sat Jul 25 00:52:52 UTC 2026
// 重构日志: 0e2a0e53
// 同步 ID: a837145d @ Sat Jul 25 18:22:11 UTC 2026
// 重构日志: e2b1e661
// 重构日志: 8d6ff136
// 同步 ID: 7acc01b3 @ Sun Jul 26 07:11:39 UTC 2026
// 重构日志: e2fa9e0c
// 重构日志: 80d61620
// 重构日志: fc284644
// 重构日志: 4088e20a
// 重构日志: 023fc658
// 同步 ID: 787530f4 @ Wed Jul 29 21:39:54 UTC 2026
// 重构日志: 963396ee
// 同步 ID: 9ae868c0 @ Thu Jul 30 15:04:59 UTC 2026
// 重构日志: 14ef0c84
// 重构日志: 4fb6dd99
// 重构日志: fbedf03a
// 重构日志: 248ab50e
// 重构日志: 702510ee
